// Jest Snapshot v1, https://goo.gl/fbAQLP

exports[`Card Component renders correctly with default props 1`] = `
<View
  style={
    [
      {
        "backgroundColor": "rgba(38, 20, 60, 0.85)",
        "borderColor": "rgba(82, 67, 194, 0.3)",
        "borderRadius": 16,
        "borderWidth": 1,
        "elevation": 3,
        "padding": 24,
        "shadowColor": "#4169E1",
        "shadowOffset": {
          "height": 2,
          "width": 0,
        },
        "shadowOpacity": 0.15,
        "shadowRadius": 8,
      },
      false,
      false,
      undefined,
    ]
  }
>
  <Text>
    Test Content
  </Text>
</View>
`;
