// Jest Snapshot v1, https://goo.gl/fbAQLP

exports[`Typography Component renders correctly with default props: default-typography 1`] = `
<Text
  style={
    [
      {
        "color": "#FFFFFF",
        "fontFamily": "System",
        "fontSize": 16,
      },
      {
        "color": "rgba(255, 255, 255, 0.7)",
        "fontSize": 16,
        "fontWeight": "400",
        "lineHeight": 24,
      },
      undefined,
      null,
      undefined,
    ]
  }
>
  Default Text
</Text>
`;
